[www.hopitaux-sarreguemines.fr/index.html]
[www.w3.org/1999/xhtml/index.html]
[www.hopitaux-sarreguemines.fr/Style/jqueryUI/jquery-ui.css]
[code.jquery.com/jquery.js]
[code.jquery.com/ui/1.12.1/jquery-ui.js]
[www.hopitaux-sarreguemines.fr/Scripts/jqueryUI/jquery.dataTables.js]
[www.hopitaux-sarreguemines.fr/Style/jqueryUI/jquery.dataTables.css]
[www.hopitaux-sarreguemines.fr/Style/bootstrap/bootstrap.min.css]
[www.hopitaux-sarreguemines.fr/Style/bootstrap/bootamc.css]
[www.hopitaux-sarreguemines.fr/Scripts/bootstrap/bootstrap.min.js]
[www.hopitaux-sarreguemines.fr/Scripts/bootstrap/transition.js]
[www.hopitaux-sarreguemines.fr/Scripts/bootstrap/collapse.js]
[www.hopitaux-sarreguemines.fr/Style/bootstrap/ekko-lightbox.min.css]
[www.hopitaux-sarreguemines.fr/Scripts/bootstrap/ekko-lightbox.min.js]
[www.hopitaux-sarreguemines.fr/Scripts/ResponsiveSlider/responsiveslides.js]
[www.hopitaux-sarreguemines.fr/Style/FontAwesome/css/all.min.css]
[backblue.gif]
[fade.gif]
[index.html]
[www.hopitaux-sarreguemines.fr/Style/Style.css]
[www.hopitaux-sarreguemines.fr/Style/StyleCK.css]
[www.hopitaux-sarreguemines.fr/Style/Master.css]
[www.hopitaux-sarreguemines.fr/Ght_sarreguemines.css]
[www.hopitaux-sarreguemines.fr/Style/Slideshow.css]
[www.hopitaux-sarreguemines.fr/Style/Accueil.css]
[www.hopitaux-sarreguemines.fr/WebResourcebcc9.js]
[www.hopitaux-sarreguemines.fr/ScriptResource7d10.js]
[www.hopitaux-sarreguemines.fr/ScriptResource7fe4.js]
[www.hopitaux-sarreguemines.fr/accueil.html]
[www.hopitaux-sarreguemines.fr/images/default/logos_h70.jpg]
[www.hopitaux-sarreguemines.fr/urgences/2/64.html]
[www.hopitaux-sarreguemines.fr/Rendez-vous-en-ligne/2/30.html]
[www.hopitaux-sarreguemines.fr/Offre-de-soins/2/68.html]
[www.hopitaux-sarreguemines.fr/Consultations/3/75/116.html]
[www.hopitaux-sarreguemines.fr/Hospitalisation/3/57/78.html]
[www.hopitaux-sarreguemines.fr/Visiter-un-proche/3/77/121.html]
[www.hopitaux-sarreguemines.fr/règlementation/2/37.html]
[www.hopitaux-sarreguemines.fr/Satisfaction/3/38/110.html]
[www.hopitaux-sarreguemines.fr/comite-ethique/2/89.html]
[www.hopitaux-sarreguemines.fr/pepiniere-d-entreprise-e-sante-ccdl/3/95/147.html]
[www.hopitaux-sarreguemines.fr/Professionnels-de-sante/3/31/50.html]
[www.hopitaux-sarreguemines.fr/Emploi/7/32.html]
[www.hopitaux-sarreguemines.fr/signalement-des-violences-et-du-harcelement/2/88.html]
[www.hopitaux-sarreguemines.fr/Fournisseurs/3/34/47.html]
[www.hopitaux-sarreguemines.fr/images/Default/logos_h70-2.jpg]
[www.hopitaux-sarreguemines.fr/Images/Accueil/Slideshow/bandeau_sarreguemines.jpg]
[www.hopitaux-sarreguemines.fr/Accueil-2.html]
[www.hopitaux-sarreguemines.fr/images/Default/Maison.png]
[www.hopitaux-sarreguemines.fr/images/Default/print.png]
[www.hopitaux-sarreguemines.fr/images/Default/AMoins.png]
[www.hopitaux-sarreguemines.fr/images/Default/A.png]
[www.hopitaux-sarreguemines.fr/images/Default/APlus.png]
[www.hopitaux-sarreguemines.fr/images/Default/OFFRE-DE-SOINS-2023-min.jpg]
[www.hopitaux-sarreguemines.fr/offres-de-soins/5/65.html]
[www.hopitaux-sarreguemines.fr/Offre-soins/5/55.html]
[www.hopitaux-sarreguemines.fr/Ressources/SLI/CHS JUILLET 20212023103115333205.jpg]
[www.hopitaux-sarreguemines.fr/Ressources/SLI/CH MAI 20192023103115334334.jpg]
[www.hopitaux-sarreguemines.fr/Ressources/SLI/BITCHE JUILLET 20212023103115335447.jpg]
[www.hopitaux-sarreguemines.fr/Presentation/2/60.html]
[www.hopitaux-sarreguemines.fr/Direction/2/61.html]
[www.hopitaux-sarreguemines.fr/presentation/2/62.html]
[www.hopitaux-sarreguemines.fr/presentation/2/63.html]
[www.hopitaux-sarreguemines.fr/images/accueil/RDV.jpg]
[www.hopitaux-sarreguemines.fr/images/accueil/frais_sante_sarreguemines.png]
[www.hopitaux-sarreguemines.fr/Regler-soins/2/24.html]
[www.hopitaux-sarreguemines.fr/images/accueil/radio.jpg]
[www.hopitaux-sarreguemines.fr/images/accueil/dossier_medical.jpg]
[www.hopitaux-sarreguemines.fr/Demande-dossier-medical/2/23.html]
[www.hopitaux-sarreguemines.fr/portes-ouvertes-nouvel-ifsi-de-sarreguemines/1/1/118.html]
[www.hopitaux-sarreguemines.fr/Ressources/NEW/ACTU -PO IFSI 17 MAI 25-01-01-012025051207365750.png]
[www.hopitaux-sarreguemines.fr/journee-portes-ouvertes-had/1/1/117.html]
[www.hopitaux-sarreguemines.fr/Ressources/NEW/ACTU - SOIREE PO HAD 230525-012025051309440264.png]
[www.hopitaux-sarreguemines.fr/index-egalite-professionnelle/1/1/112.html]
[www.hopitaux-sarreguemines.fr/Ressources/NEW/INDEX EGALITE PROF-012024120515222077.png]
[www.hopitaux-sarreguemines.fr/don-d-organes-et-de-tissus/1/69/119.html]
[www.hopitaux-sarreguemines.fr/Ressources/NEW/FOCUS -  DON ORGANES-012025061111571437.png]
[www.hopitaux-sarreguemines.fr/mars-bleu/1/69/115.html]
[www.hopitaux-sarreguemines.fr/Ressources/NEW/FOCUS -  MARS BLEU-012025030614043446.png]
[www.hopitaux-sarreguemines.fr/Robot-d-assistance-chirurgical/1/69/109.html]
[www.hopitaux-sarreguemines.fr/Ressources/NEW/ACTU - robot-01-012024092310403215.png]
[www.hopitaux-sarreguemines.fr/urgences/1/69/93.html]
[www.hopitaux-sarreguemines.fr/Ressources/NEW/FOCUS URGENCES-012024022310431471.png]
[www.google.com/maps/d/embedca7f.html]
[www.hopitaux-sarreguemines.fr/DON/2/6.html]
[www.hopitaux-sarreguemines.fr/Contact/10/7.html]
[www.hopitaux-sarreguemines.fr/actualites/1/1.html]
[www.hopitaux-sarreguemines.fr/Plan-site/16/17.html]
[www.hopitaux-sarreguemines.fr/Mentions-legales/2/18.html]
[www.hopitaux-sarreguemines.fr/Scripts/imageMapResponsive/jquery.rwdImageMaps.min.js]
[www.hopitaux-sarreguemines.fr/index.html]
[www.w3.org/1999/xhtml/index.html]
[www.hopitaux-sarreguemines.fr/Style/jqueryUI/images/animated-overlay.html]
[www.hopitaux-sarreguemines.fr/Style/jqueryUI/images/ui-bg_flat_75_ffffff_40x100.html]
[www.hopitaux-sarreguemines.fr/Style/jqueryUI/images/ui-bg_highlight-soft_75_cccccc_1x100.html]
[www.hopitaux-sarreguemines.fr/Style/jqueryUI/images/ui-bg_glass_75_e6e6e6_1x400.html]
[www.hopitaux-sarreguemines.fr/Style/jqueryUI/images/ui-bg_glass_75_dadada_1x400.html]
[www.hopitaux-sarreguemines.fr/Style/jqueryUI/images/ui-bg_glass_65_ffffff_1x400.html]
[www.hopitaux-sarreguemines.fr/Style/jqueryUI/images/ui-bg_glass_55_fbf9ee_1x400.html]
[www.hopitaux-sarreguemines.fr/Style/jqueryUI/images/ui-bg_glass_95_fef1ec_1x400.html]
[www.hopitaux-sarreguemines.fr/Style/jqueryUI/images/ui-icons_222222_256x240.html]
[www.hopitaux-sarreguemines.fr/Style/jqueryUI/images/ui-icons_888888_256x240.html]
[www.hopitaux-sarreguemines.fr/Style/jqueryUI/images/ui-icons_454545_256x240.html]
[www.hopitaux-sarreguemines.fr/Style/jqueryUI/images/ui-icons_2e83ff_256x240.html]
[www.hopitaux-sarreguemines.fr/Style/jqueryUI/images/ui-icons_cd0a0a_256x240.html]
[www.hopitaux-sarreguemines.fr/Style/jqueryUI/jquery-ui.css]
[www.hopitaux-sarreguemines.fr/Style/jqueryUI/images/ui-bg_flat_0_aaaaaa_40x100.html]
[www.hopitaux-sarreguemines.fr/images/tarbes/jqueryUI/sort_both.html]
[www.hopitaux-sarreguemines.fr/images/tarbes/jqueryUI/sort_asc.html]
[www.hopitaux-sarreguemines.fr/images/tarbes/jqueryUI/sort_desc.html]
[www.hopitaux-sarreguemines.fr/images/tarbes/jqueryUI/sort_asc_disabled.html]
[www.hopitaux-sarreguemines.fr/Style/jqueryUI/jquery.dataTables.css]
[www.hopitaux-sarreguemines.fr/images/tarbes/jqueryUI/sort_desc_disabled.html]
[www.hopitaux-sarreguemines.fr/Style/fonts/glyphicons-halflings-regular.html]
[www.hopitaux-sarreguemines.fr/Style/fonts/glyphicons-halflings-regulard41d.html]
[www.hopitaux-sarreguemines.fr/Style/fonts/glyphicons-halflings-regular-2.html]
[www.hopitaux-sarreguemines.fr/Style/fonts/glyphicons-halflings-regular-3.html]
[www.hopitaux-sarreguemines.fr/Style/fonts/glyphicons-halflings-regular-4.html]
[www.hopitaux-sarreguemines.fr/Style/bootstrap/bootstrap.min.css]
[www.hopitaux-sarreguemines.fr/Style/bootstrap/bootamc.css]
[www.hopitaux-sarreguemines.fr/Style/bootstrap/ekko-lightbox.min.css]
[www.hopitaux-sarreguemines.fr/Style/fonts/glyphicons-halflings-regular-5.html]
[fonts.googleapis.com/csscaf0.css]
[www.hopitaux-sarreguemines.fr/Style/FontAwesome/webfonts/fa-brands-400.eot]
[www.hopitaux-sarreguemines.fr/Style/FontAwesome/webfonts/fa-brands-400d41d.eot]
[www.hopitaux-sarreguemines.fr/Style/FontAwesome/webfonts/fa-brands-400.html]
[www.hopitaux-sarreguemines.fr/Style/FontAwesome/webfonts/fa-brands-400.woff]
[www.hopitaux-sarreguemines.fr/Style/FontAwesome/webfonts/fa-brands-400.ttf]
[www.hopitaux-sarreguemines.fr/Style/FontAwesome/webfonts/fa-regular-400.eot]
[www.hopitaux-sarreguemines.fr/Style/FontAwesome/webfonts/fa-regular-400d41d.eot]
[www.hopitaux-sarreguemines.fr/Style/FontAwesome/webfonts/fa-regular-400.html]
[www.hopitaux-sarreguemines.fr/Style/FontAwesome/webfonts/fa-regular-400.woff]
[www.hopitaux-sarreguemines.fr/Style/FontAwesome/webfonts/fa-regular-400.ttf]
[www.hopitaux-sarreguemines.fr/Style/FontAwesome/webfonts/fa-solid-900.eot]
[www.hopitaux-sarreguemines.fr/Style/FontAwesome/webfonts/fa-solid-900d41d.eot]
[www.hopitaux-sarreguemines.fr/Style/FontAwesome/webfonts/fa-solid-900.html]
[www.hopitaux-sarreguemines.fr/Style/FontAwesome/webfonts/fa-solid-900.woff]
[www.hopitaux-sarreguemines.fr/Style/FontAwesome/webfonts/fa-solid-900.ttf]
[www.hopitaux-sarreguemines.fr/Style/FontAwesome/css/all.min.css]
[www.hopitaux-sarreguemines.fr/Police/glyphicons-halflings-regular.eot]
[www.hopitaux-sarreguemines.fr/Police/glyphicons-halflings-regulard41d.eot]
[www.hopitaux-sarreguemines.fr/Police/glyphicons-halflings-regular.woff]
[www.hopitaux-sarreguemines.fr/Police/glyphicons-halflings-regular.ttf]
[www.hopitaux-sarreguemines.fr/Style/Style.css]
[www.hopitaux-sarreguemines.fr/INTERNET/Images/FlecheListe.html]
[www.hopitaux-sarreguemines.fr/images/quote.png]
[www.hopitaux-sarreguemines.fr/images/quote2.png]
[www.hopitaux-sarreguemines.fr/Style/StyleCK.css]
[www.hopitaux-sarreguemines.fr/Style/Master.css]
[www.hopitaux-sarreguemines.fr/images/Default/plan_CHS.jpg]
[www.hopitaux-sarreguemines.fr/images/Default/plan_CH.jpg]
[www.hopitaux-sarreguemines.fr/Ght_sarreguemines.css]
[www.hopitaux-sarreguemines.fr/Style/Slideshow.css]
[www.hopitaux-sarreguemines.fr/Images/flecheSlideShow.gif]
[www.hopitaux-sarreguemines.fr/Style/Accueil.css]
[www.hopitaux-sarreguemines.fr/WebResourcebcc9.js]
[www.hopitaux-sarreguemines.fr/ScriptResource7d10.js]
[www.hopitaux-sarreguemines.fr/POST.html]
[www.hopitaux-sarreguemines.fr/Opera/index.html]
[www.hopitaux-sarreguemines.fr/Firefox/index.html]
[www.hopitaux-sarreguemines.fr/AppleWebKit/index.html]
[www.hopitaux-sarreguemines.fr/MicrosoftAjaxWebForms.html]
[www.hopitaux-sarreguemines.fr/MicrosoftAjaxSerialization.html]
[www.hopitaux-sarreguemines.fr/ScriptResource7fe4.js]
[www.hopitaux-sarreguemines.fr/accueil.html]
[www.hopitaux-sarreguemines.fr/MicrosoftAjaxNetwork.html]
[www.hopitaux-sarreguemines.fr/Ressources/FTP/bandeau_module/Module_Def.jpg]
[www.hopitaux-sarreguemines.fr/images/Default/logos.jpg]
[www.hopitaux-sarreguemines.fr/Ressources/FCK/Flyer - Campagne Régionale URGENCES_.pdf]
[www.hopitaux-sarreguemines.fr/Ressources/FCK/Campagne Régionale URGENCES.png]
[www.hopitaux-sarreguemines.fr/Ressources/FCK/passage aux urgences.png]
[www.hopitaux-sarreguemines.fr/urgences/2/64.html]
[www.hopitaux-sarreguemines.fr/Ressources/FCK/anesthesie.png]
[www.hopitaux-sarreguemines.fr/Ressources/FCK/cardiologie.png]
[www.hopitaux-sarreguemines.fr/Ressources/FCK/ortho.png]
[www.hopitaux-sarreguemines.fr/Ressources/FCK/uro.png]
[www.hopitaux-sarreguemines.fr/Ressources/FCK/generaliste bitche.png]
[www.hopitaux-sarreguemines.fr/Ressources/FCK/chir gen et dig.png]
[www.hopitaux-sarreguemines.fr/Ressources/FCK/endocrino diabete.png]
[www.hopitaux-sarreguemines.fr/Ressources/FCK/gastro.png]
[www.hopitaux-sarreguemines.fr/Ressources/FCK/sante sexuelle.png]
[www.hopitaux-sarreguemines.fr/Ressources/FCK/ICONE DOCTOLIB.png]
[www.hopitaux-sarreguemines.fr/Ressources/FCK/formulaire demande TEP dec 24.pdf]
[www.hopitaux-sarreguemines.fr/Ressources/FCK/Questionnaire SCANNER 19 SEPT 23.pdf]
[www.hopitaux-sarreguemines.fr/Ressources/FCK/IMAG MED scann23.png]
[www.hopitaux-sarreguemines.fr/Ressources/FCK/QUESTIONNAIRE IRM 19 SEPT 23.pdf]
[www.hopitaux-sarreguemines.fr/Ressources/FCK/IMAG MED irm 23.png]
[www.hopitaux-sarreguemines.fr/Ressources/FCK/MED_NUCL fiche admin 3 - juillet 21.pdf]
[www.hopitaux-sarreguemines.fr/Ressources/FCK/patients MED NUCL.png]
[www.hopitaux-sarreguemines.fr/Ressources/FCK/CEREBRALE DATSCAN.pdf]
[www.hopitaux-sarreguemines.fr/Ressources/FCK/OSSEUSE.pdf]
[www.hopitaux-sarreguemines.fr/Ressources/FCK/MAG 3.pdf]
[www.hopitaux-sarreguemines.fr/Ressources/FCK/FEVG.pdf]
[www.hopitaux-sarreguemines.fr/Ressources/FCK/PARATHIROIDE.pdf]
[www.hopitaux-sarreguemines.fr/Ressources/FCK/RENALE DMSA.pdf]
[www.hopitaux-sarreguemines.fr/Ressources/FCK/GANGLION SENTINELLE.pdf]
[www.hopitaux-sarreguemines.fr/Ressources/FCK/PULMONAIRE.pdf]
[www.hopitaux-sarreguemines.fr/Ressources/FCK/THIROIDIENNE.pdf]
[www.hopitaux-sarreguemines.fr/Ressources/FCK/MYOCARDIQUE.pdf]
[www.hopitaux-sarreguemines.fr/Ressources/FCK/tep prescripteurs.png]
[www.hopitaux-sarreguemines.fr/Ressources/FCK/CARDIAQUE FDG.pdf]
[www.hopitaux-sarreguemines.fr/Ressources/FCK/FDG.pdf]
[www.hopitaux-sarreguemines.fr/Ressources/FCK/DOPAMINE.pdf]
[www.hopitaux-sarreguemines.fr/Ressources/FCK/CHOLINE.pdf]
[www.hopitaux-sarreguemines.fr/Ressources/FCK/VIZAMYL.pdf]
[www.hopitaux-sarreguemines.fr/Rendez-vous-en-ligne/2/30.html]
[www.hopitaux-sarreguemines.fr/Offre-de-soins/2/68.html]
[www.hopitaux-sarreguemines.fr/images/Default/Logos-2.jpg]
[www.hopitaux-sarreguemines.fr/Consultations/3/75/116.html]
[www.hopitaux-sarreguemines.fr/Consultations/3/75/117.html]
[www.hopitaux-sarreguemines.fr/Ressources/FCK/LIVRET DACCUEIL V.nov2023.pdf]
[www.hopitaux-sarreguemines.fr/Ressources/FCK/livret ch pax janv 2024 web.pdf]
[www.hopitaux-sarreguemines.fr/Hospitalisation/3/57/78.html]
[www.hopitaux-sarreguemines.fr/Hospitalisation/3/57/79.html]
[www.hopitaux-sarreguemines.fr/Visiter-un-proche/3/77/121.html]
[www.hopitaux-sarreguemines.fr/règlementation/2/37.html]
[www.hopitaux-sarreguemines.fr/Visiter-un-proche/3/77/122.html]
[www.hopitaux-sarreguemines.fr/Satisfaction/3/38/110.html]
[www.hopitaux-sarreguemines.fr/Satisfaction/3/38/111.html]
[www.hopitaux-sarreguemines.fr/Ressources/FCK/saisine remplissable.pdf]
[www.hopitaux-sarreguemines.fr/Ressources/FCK/FICHE DE SAISINE.pdf]
[www.hopitaux-sarreguemines.fr/comite-ethique/2/89.html]
[www.hopitaux-sarreguemines.fr/Ressources/FCK/Fichier 2.png]
[www.hopitaux-sarreguemines.fr/pepiniere-d-entreprise-e-sante-ccdl/3/95/143.html]
[www.hopitaux-sarreguemines.fr/pepiniere-d-entreprise-e-sante-ccdl/3/95/144.html]
[www.hopitaux-sarreguemines.fr/pepiniere-d-entreprise-e-sante-ccdl/3/95/145.html]
[www.hopitaux-sarreguemines.fr/pepiniere-d-entreprise-e-sante-ccdl/3/95/147.html]
[www.hopitaux-sarreguemines.fr/Professionnels-de-sante/3/31/50.html]
[www.hopitaux-sarreguemines.fr/Emploi/7/32.html]
[www.hopitaux-sarreguemines.fr/pepiniere-d-entreprise-e-sante-ccdl/3/95/146.html]
[www.hopitaux-sarreguemines.fr/Ressources/FCK/signalement harcelement.pdf]
[www.hopitaux-sarreguemines.fr/Ressources/FCK/SIMP244-37-22111417560.pdf]
[www.hopitaux-sarreguemines.fr/signalement-des-violences-et-du-harcelement/2/88.html]
[www.hopitaux-sarreguemines.fr/Fournisseurs/3/34/47.html]
[www.hopitaux-sarreguemines.fr/Accueil-2.html]
[www.hopitaux-sarreguemines.fr/Les-Acacias/5/65/54.html]
[www.hopitaux-sarreguemines.fr/Ressources/ODS/acacias RD2023031416391420.jpg]
[www.hopitaux-sarreguemines.fr/Glycines/5/65/53.html]
[www.hopitaux-sarreguemines.fr/Ressources/ODS/Glycines avt RD2023031416404070.jpg]
[www.hopitaux-sarreguemines.fr/CMP-Sarreguemines/5/65/55.html]
[www.hopitaux-sarreguemines.fr/Ressources/ODS/CMP2020031011565799.png]
[www.hopitaux-sarreguemines.fr/CMP-Bitche/5/65/58.html]
[www.hopitaux-sarreguemines.fr/Ressources/ODS/CMP2020031011575240.png]
[www.hopitaux-sarreguemines.fr/Pole-readaptation-psychosociale/5/65/63.html]
[www.hopitaux-sarreguemines.fr/Ressources/ODS/CLUB2020031014113682.png]
[www.hopitaux-sarreguemines.fr/Psychiatrie-liaison/5/65/62.html]
[www.hopitaux-sarreguemines.fr/Ressources/ODS/EMSP2020031011592156.png]
[www.hopitaux-sarreguemines.fr/CMP-de-Forbach/5/65/71.html]
[www.hopitaux-sarreguemines.fr/Ressources/ODS/CMP2020031013223722.png]
[www.hopitaux-sarreguemines.fr/CMP-de-Freyming/5/65/75.html]
[www.hopitaux-sarreguemines.fr/Ressources/ODS/CMP2020031013231054.png]
[www.hopitaux-sarreguemines.fr/Ressources/ODS/roseraie RD2023031416424579.jpg]
[www.hopitaux-sarreguemines.fr/Roseraie/5/65/68.html]
[www.hopitaux-sarreguemines.fr/Les-lilas/5/65/66.html]
[www.hopitaux-sarreguemines.fr/Ressources/ODS/les lilas RD2023031416434659.jpg]
[www.hopitaux-sarreguemines.fr/Mimosas/5/65/67.html]
[www.hopitaux-sarreguemines.fr/Ressources/ODS/mimosas RD2023031416441214.jpg]
[www.hopitaux-sarreguemines.fr/Psychiatrie-de-liaison-aux-urgences-Forbach/5/65/81.html]
[www.hopitaux-sarreguemines.fr/Ressources/ODS/EMSP2020031013251837.png]
[www.hopitaux-sarreguemines.fr/0/5/65/115.html]
[www.hopitaux-sarreguemines.fr/Ressources/ODS/ileRD2023031416261001.jpg]
[www.hopitaux-sarreguemines.fr/UMD-Cabanis/5/65/85.html]
[www.hopitaux-sarreguemines.fr/Ressources/ODS/cabanis222023031416342037.jpg]
[www.hopitaux-sarreguemines.fr/UMD-Lauzier/5/65/112.html]
[www.hopitaux-sarreguemines.fr/Ressources/ODS/LOGE 20 lauzier 222023031416361182.jpg]
[www.hopitaux-sarreguemines.fr/USIP/5/65/90.html]
[www.hopitaux-sarreguemines.fr/Ressources/ODS/usip 2 RD2023031416374432.jpg]
[www.hopitaux-sarreguemines.fr/Addictologie/5/65/92.html]
[www.hopitaux-sarreguemines.fr/Ressources/ODS/csa222023031416363884.jpg]
[www.hopitaux-sarreguemines.fr/Ressources/ODS/CMP2020031008450145.png]
[www.hopitaux-sarreguemines.fr/CMP-Bitche/5/65/45.html]
[www.hopitaux-sarreguemines.fr/CMP-Forbach/5/65/49.html]
[www.hopitaux-sarreguemines.fr/Ressources/ODS/CMP2020031009463535.png]
[www.hopitaux-sarreguemines.fr/CMP-Canopee/5/65/44.html]
[www.hopitaux-sarreguemines.fr/Ressources/ODS/la canopee RD2023031416431101.jpg]
[www.hopitaux-sarreguemines.fr/0/5/65/113.html]
[www.hopitaux-sarreguemines.fr/Ressources/ODS/picto_default.png]
[www.hopitaux-sarreguemines.fr/Club-psychotherapique/5/65/64.html]
[www.hopitaux-sarreguemines.fr/Ressources/ODS/CLUB2020031014062577.png]
[www.hopitaux-sarreguemines.fr/Rehab/5/65/65.html]
[www.hopitaux-sarreguemines.fr/Ressources/ODS/CLUB2020031014130548.png]
[www.hopitaux-sarreguemines.fr/Opaline/5/65/40.html]
[www.hopitaux-sarreguemines.fr/Ressources/ODS/opaline RD2023031416532330.jpg]
[www.hopitaux-sarreguemines.fr/USLD-EHPAD-Les-Myosotis/5/65/39.html]
[www.hopitaux-sarreguemines.fr/Ressources/ODS/myosotis RD2023031416565606.jpg]
[www.hopitaux-sarreguemines.fr/Lierres-C/5/65/42.html]
[www.hopitaux-sarreguemines.fr/Ressources/ODS/les lierres RD2023031416575991.jpg]
[www.hopitaux-sarreguemines.fr/0/5/65/35.html]
[www.hopitaux-sarreguemines.fr/Ressources/ODS/pavillon2022072016390332.png]
[www.hopitaux-sarreguemines.fr/0/5/65/114.html]
[www.hopitaux-sarreguemines.fr/offres-de-soins/5/65.html]
[www.hopitaux-sarreguemines.fr/Ressources/ODS/kinésithérapie2022072710562857.html]
[www.hopitaux-sarreguemines.fr/Anesthesie/5/55/99.html]
[www.hopitaux-sarreguemines.fr/Ressources/ODS/anesthesie 2020 100x1002020030909553301.png]
[www.hopitaux-sarreguemines.fr/Chirurgie-Ambulatoire/5/55/2.html]
[www.hopitaux-sarreguemines.fr/Ressources/ODS/chirurgie ambulatoire100x1002019121217193777.png]
[www.hopitaux-sarreguemines.fr/Chirurgie-generale-digestive/5/55/31.html]
[www.hopitaux-sarreguemines.fr/Ressources/ODS/chirurgie generale et digestive 2020 100x1002020030909541270.png]
[www.hopitaux-sarreguemines.fr/chirurgie-gynecologique/5/55/98.html]
[www.hopitaux-sarreguemines.fr/Ressources/ODS/chir gyneco  2020 100x1002020030909580515.png]
[www.hopitaux-sarreguemines.fr/Chirurgie-ORL-OPH/5/55/30.html]
[www.hopitaux-sarreguemines.fr/Ressources/ODS/chirurgie orl 100x1002019121217073548.png]
[www.hopitaux-sarreguemines.fr/chirurgie-orthopedique-traumatologique/5/55/29.html]
[www.hopitaux-sarreguemines.fr/Ressources/ODS/chirurgie orthopedique traumato100X1002019121217215137.png]
[www.hopitaux-sarreguemines.fr/Chirurgie-plastique-esthetique/5/55/27.html]
[www.hopitaux-sarreguemines.fr/Ressources/ODS/CHIRURGIE PLASTIQUE ET ESTHETIQUE100X1002019121217221712.png]
[www.hopitaux-sarreguemines.fr/Chirurgie-urologique/5/55/28.html]
[www.hopitaux-sarreguemines.fr/Ressources/ODS/chirurgie urologique100x1002019121217224093.png]
[www.hopitaux-sarreguemines.fr/Reanimation/5/55/1.html]
[www.hopitaux-sarreguemines.fr/Ressources/ODS/reanimation 100x1002019121217093518.png]
[www.hopitaux-sarreguemines.fr/cardiologie/5/55/108.html]
[www.hopitaux-sarreguemines.fr/Ressources/ODS/Plan de travail 12024111310512072.png]
[www.hopitaux-sarreguemines.fr/Gastro-enterologie/5/55/23.html]
[www.hopitaux-sarreguemines.fr/Ressources/ODS/gastro 2020 100x1002020030909535444.png]
[www.hopitaux-sarreguemines.fr/HDJ/5/55/14.html]
[www.hopitaux-sarreguemines.fr/Ressources/ODS/hopital de jour 100x1002019121217425405.png]
[www.hopitaux-sarreguemines.fr/CeGIDD/5/55/107.html]
[www.hopitaux-sarreguemines.fr/Ressources/ODS/cegidd RD2023031417021574.jpg]
[www.hopitaux-sarreguemines.fr/Medecine-polyvalente/5/55/22.html]
[www.hopitaux-sarreguemines.fr/Ressources/ODS/medecine polyvalente 2020 100x1002020030909480531.png]
[www.hopitaux-sarreguemines.fr/Pneumologie/5/55/17.html]
[www.hopitaux-sarreguemines.fr/Ressources/ODS/pneumologie2020051110341309.png]
[www.hopitaux-sarreguemines.fr/Clinique-douleur/5/55/12.html]
[www.hopitaux-sarreguemines.fr/Ressources/ODS/clinique de la douleur 100x1002019121217411434.png]
[www.hopitaux-sarreguemines.fr/Urgences-CSNP-SMUR/5/55/16.html]
[www.hopitaux-sarreguemines.fr/Ressources/ODS/URGENCES 2020 100x1002020030909382281.png]
[www.hopitaux-sarreguemines.fr/HAD/5/55/20.html]
[www.hopitaux-sarreguemines.fr/Ressources/ODS/had 100x1002019121217422365.png]
[www.hopitaux-sarreguemines.fr/geriatrie-soins-palliatifs/5/55/19.html]
[www.hopitaux-sarreguemines.fr/Ressources/ODS/geriatrie RD2023031417002624.jpg]
[www.hopitaux-sarreguemines.fr/SSR/5/55/25.html]
[www.hopitaux-sarreguemines.fr/Ressources/ODS/ssr 100x1002019121217454928.png]
[www.hopitaux-sarreguemines.fr/USLD/5/55/24.html]
[www.hopitaux-sarreguemines.fr/Ressources/ODS/gloriette RD2023031417013050.jpg]
[www.hopitaux-sarreguemines.fr/Imagerie-medicale/5/55/7.html]
[www.hopitaux-sarreguemines.fr/Ressources/ODS/imagerie medicale100x1002019121109183737.png]
[www.hopitaux-sarreguemines.fr/Medecine-nucleaire/5/55/9.html]
[www.hopitaux-sarreguemines.fr/Ressources/ODS/medecine nucleaire100x1002019121109193886.png]
[www.hopitaux-sarreguemines.fr/Laboratoire/5/55/8.html]
[www.hopitaux-sarreguemines.fr/Ressources/ODS/labo biologie medicale100x1002019121109191136.png]
[www.hopitaux-sarreguemines.fr/Pharmacie/5/55/10.html]
[www.hopitaux-sarreguemines.fr/Ressources/ODS/pharmacie100x1002019121109195801.png]
[www.hopitaux-sarreguemines.fr/Maternite/5/55/103.html]
[www.hopitaux-sarreguemines.fr/Ressources/ODS/gynecologie maternite cpp cpef 100x1002020030910005282.png]
[www.hopitaux-sarreguemines.fr/Pediatrie/5/55/4.html]
[www.hopitaux-sarreguemines.fr/Ressources/ODS/pédiatrie hdj urgences pediatriques 100x1002019121217473697.png]
[www.hopitaux-sarreguemines.fr/HAD-obstetrique/5/55/105.html]
[www.hopitaux-sarreguemines.fr/Ressources/ODS/had obst 2020 100x1002020030909454301.png]
[www.hopitaux-sarreguemines.fr/Centre-perinatal-Bitche/5/55/104.html]
[www.hopitaux-sarreguemines.fr/Ressources/ODS/gynecologie maternite cpp cpef 100x1002024031313504227.png]
[www.hopitaux-sarreguemines.fr/Offre-soins/5/55.html]
[www.hopitaux-sarreguemines.fr/Ressources/FTP/bandeau_module/Portail_3.jpg]
[www.hopitaux-sarreguemines.fr/images/Default/Logo-CHS.png]
[www.hopitaux-sarreguemines.fr/organigramme-de-direction/2/92.html]
[www.hopitaux-sarreguemines.fr/Reperes/3/2/1.html]
[www.hopitaux-sarreguemines.fr/Presentation/2/60.html]
[www.hopitaux-sarreguemines.fr/Missions-engagements/3/3/7.html]
[www.hopitaux-sarreguemines.fr/Ressources/FTP/bandeau_module/Portail_4.jpg]
[www.hopitaux-sarreguemines.fr/images/Default/Logo-CH.png]
[www.hopitaux-sarreguemines.fr/organigramme-de-direction/2/93.html]
[www.hopitaux-sarreguemines.fr/Direction/2/61.html]
[www.hopitaux-sarreguemines.fr/Missions-engagements/3/9/25.html]
[www.hopitaux-sarreguemines.fr/Ressources/FTP/bandeau_module/Portail_5.jpg]
[www.hopitaux-sarreguemines.fr/images/Default/Logos-Vertical.jpg]
[www.hopitaux-sarreguemines.fr/Ressources/FCK/Rapport annuel 2024 maj010425.pdf]
[www.hopitaux-sarreguemines.fr/Ressources/FCK/RA 2024 couverture.png]
[www.hopitaux-sarreguemines.fr/Ressources/FCK/Rapport annuel-annexes poles.pdf]
[www.hopitaux-sarreguemines.fr/Ressources/FCK/brochure RA FOCUS 2024.png]
[www.hopitaux-sarreguemines.fr/Ressources/FCK/flyer GHT 0724 A4.pdf]
[www.hopitaux-sarreguemines.fr/Ressources/FCK/flyer GHT 0724 couverture-internet.jpg]
[www.hopitaux-sarreguemines.fr/chiffres-cles/2/90.html]
[www.hopitaux-sarreguemines.fr/presentation/2/62.html]
[www.hopitaux-sarreguemines.fr/Reperes/3/12/95.html]
[www.hopitaux-sarreguemines.fr/Ressources/FCK/flyer ifsi 2022 v3.pdf]
[www.hopitaux-sarreguemines.fr/Ressources/FCK/Flyer diplome infirmier v4_ .pdf]
[www.hopitaux-sarreguemines.fr/Ressources/FCK/RNCP Fiche 2025.pdf]
[www.hopitaux-sarreguemines.fr/Ressources/FCK/24.25  Projet pédagogique Instituts de formation en soins infirmiers de Sarreguemines et Forbach.pdf]
[www.hopitaux-sarreguemines.fr/Ressources/FCK/Projet pédagogique Instituts de formation en soins infirmiers de Sarreguemines et Forbach 2022 2023.pdf]
[www.hopitaux-sarreguemines.fr/Ressources/FCK/23.24 Projet pédagogique Instituts de formation en soins infirmiers de Sarreguemines et Forbach.pdf]
[www.hopitaux-sarreguemines.fr/Ressources/FCK/REGLEMENT INTERIEUR 2024 2025.pdf]
[www.hopitaux-sarreguemines.fr/Ressources/FCK/Présentation de l'Institut de Formation et de son SMQ.pdf]
[www.hopitaux-sarreguemines.fr/Ressources/FCK/42110575-ifsi-sarreguemines-certificat-rnq-renouv.pdf]
[www.hopitaux-sarreguemines.fr/Ressources/FCK/Organigramme IFSI - 06.2025.jpg]
[www.hopitaux-sarreguemines.fr/Ressources/FCK/ifsi_SEPT22.pdf]
[www.hopitaux-sarreguemines.fr/Ressources/FCK/Modalités d'entrée en IFSI_Sélection 2025.pdf]
[www.hopitaux-sarreguemines.fr/Ressources/FCK/Rapport public Parcoursup session 2024.pdf]
[www.hopitaux-sarreguemines.fr/Ressources/FCK/Lettre d'engagement parcours spécifique AS.pdf]
[www.hopitaux-sarreguemines.fr/Ressources/FCK/Formation continue 2025 web.pdf]
[www.hopitaux-sarreguemines.fr/Ressources/FCK/Formation continue 2026.pdf]
[www.hopitaux-sarreguemines.fr/Ressources/FCK/Charte ERASMUS version française.pdf]
[www.hopitaux-sarreguemines.fr/Ressources/FCK/Charte ERASMUS version anglaise.pdf]
[www.hopitaux-sarreguemines.fr/Ressources/FCK/Plaquette-LOJToit-Jeunes-Janvier-2022.pdf]
[www.hopitaux-sarreguemines.fr/presentation/2/63.html]
[www.hopitaux-sarreguemines.fr/Ressources/FCK/Tuto payer vos frais hospitaliers.png]
[www.hopitaux-sarreguemines.fr/Regler-soins/2/24.html]
[imagerie.hopitaux-sarreguemines.fr/index.html]
[imagerie.hopitaux-sarreguemines.fr/login.html]
[www.hopitaux-sarreguemines.fr/Ressources/FCK/Demande DM CH.pdf]
[www.hopitaux-sarreguemines.fr/Ressources/FCK/demande DM Bitche.pdf]
[www.hopitaux-sarreguemines.fr/Ressources/FCK/formulaire demande dossier medical.pdf]
[www.hopitaux-sarreguemines.fr/Ressources/FCK/FORMULAIRE DE DEMANDE DMP.pdf]
[www.hopitaux-sarreguemines.fr/Demande-dossier-medical/2/23.html]
[www.hopitaux-sarreguemines.fr/Ressources/FCK/affiche portes ouvertes IFSI_Plan de travail 1.png]
[www.hopitaux-sarreguemines.fr/portes-ouvertes-nouvel-ifsi-de-sarreguemines/1/1/118.html]
[www.hopitaux-sarreguemines.fr/Ressources/FCK/affiche PO HAD-globale-web.pdf]
[www.hopitaux-sarreguemines.fr/Ressources/FCK/affiche PO HAD-globale_Plan de travail 1_Plan de travail 1.png]
[www.hopitaux-sarreguemines.fr/journee-portes-ouvertes-had/1/1/117.html]
[widget.weezevent.com/weez.js]
[www.hopitaux-sarreguemines.fr/Ressources/FCK/Index égalité professionelle CH PAX année 2023.png]
[www.hopitaux-sarreguemines.fr/Ressources/FCK/Index égalité professionelle CHS année 2023.png]
[www.hopitaux-sarreguemines.fr/index-egalite-professionnelle/1/1/112.html]
[www.facebook.com/CH.sarreguemines/index.html]
[www.hopitaux-sarreguemines.fr/don-d-organes-et-de-tissus/1/69/119.html]
[www.hopitaux-sarreguemines.fr/Ressources/FCK/affiche-stand mars bleu 2025_Plan de travail 1.png]
[www.hopitaux-sarreguemines.fr/Ressources/FCK/Depliant-DOCCR-148x210_MAJ-Decembre-2023_DEPCCR2312_BD.pdf]
[www.hopitaux-sarreguemines.fr/Ressources/FCK/monguidepratique.png]
[www.hopitaux-sarreguemines.fr/mars-bleu/1/69/115.html]
[www.hopitaux-sarreguemines.fr/Ressources/FCK/CDP - 17 mai 2024 - assistance robotique chirurgie.pdf]
[www.hopitaux-sarreguemines.fr/Ressources/FCK/image/1.jpg]
[www.hopitaux-sarreguemines.fr/Ressources/FCK/image/10.jpg]
[www.hopitaux-sarreguemines.fr/Ressources/FCK/image/3.jpg]
[www.hopitaux-sarreguemines.fr/Ressources/FCK/image/4.jpg]
[www.hopitaux-sarreguemines.fr/Ressources/FCK/image/6.jpg]
[www.hopitaux-sarreguemines.fr/Ressources/FCK/image/7.jpg]
[www.hopitaux-sarreguemines.fr/Ressources/FCK/image/8.jpg]
[www.hopitaux-sarreguemines.fr/Ressources/FCK/image/9.jpg]
[www.hopitaux-sarreguemines.fr/Ressources/FCK/image/5.jpg]
[www.hopitaux-sarreguemines.fr/Robot-d-assistance-chirurgical/1/69/109.html]
[www.hopitaux-sarreguemines.fr/Ressources/FCK/Logo_FEDER_REACT_PDF.jpg]
[www.hopitaux-sarreguemines.fr/urgences/1/69/93.html]
[www.google.com/maps/d/POST.187.delayed]
[www.google.com/maps/d/embedca7f.html]
[www.hopitaux-sarreguemines.fr/DON/2/6.html]
[www.hopitaux-sarreguemines.fr/Ressources/CodeAntiRobot/ktviahxjmaw4ef1jm4z3zot016031558.jpg]
[www.hopitaux-sarreguemines.fr/Contact/10/7.html]
[www.hopitaux-sarreguemines.fr/images/Default/lnk_facebook.png]
[www.hopitaux-sarreguemines.fr/images/Default/lnk_twitter.png]
[www.hopitaux-sarreguemines.fr/images/Default/lnk_LinkedIn.png]
[www.hopitaux-sarreguemines.fr/images/Default/lnk_Viadeo.png]
[www.hopitaux-sarreguemines.fr/Ressources/NEW/ACTU -  mosar-012024092310323857.png]
[www.hopitaux-sarreguemines.fr/Ressources/NEW/ACTU -  JEUX UMD-012024091616272451.png]
[www.hopitaux-sarreguemines.fr/Ressources/NEW/ACTU -SIGANTURE CONVENTION-01-012024090616280807.png]
[www.hopitaux-sarreguemines.fr/Ressources/NEW/ACTU - robot-01-012024051721370852.png]
[www.hopitaux-sarreguemines.fr/Ressources/NEW/Post Macaron CHS _Plan de travail 12024051615461781.png]
[www.hopitaux-sarreguemines.fr/Ressources/NEW/ACTU - VIGIPIRATE 232023121314214547.png]
[www.hopitaux-sarreguemines.fr/Ressources/NEW/ACTU2021072811325933.png]
[www.hopitaux-sarreguemines.fr/Ressources/NEW/Affiche 2023 A2023101016403064.png]
[www.hopitaux-sarreguemines.fr/Ressources/NEW/Argumentaire_Grippe_2023 p12023101016003942.png]
[www.hopitaux-sarreguemines.fr/Ressources/NEW/ACTU - VIDEO PEDIA2022092216175293.jpg]
[www.hopitaux-sarreguemines.fr/Ressources/NEW/ACTU - PROJET D ETABLISSEMENT2023011811034111.png]
[www.hopitaux-sarreguemines.fr/Ressources/NEW/dons 210x2202020040715363719.jpg]
[www.hopitaux-sarreguemines.fr/actualites/1/1.html]
[www.hopitaux-sarreguemines.fr/ScriptResourced12e.js]
[www.hopitaux-sarreguemines.fr/WebResource4ff9.gif]
[www.hopitaux-sarreguemines.fr/WebResource75de.gif]
[www.hopitaux-sarreguemines.fr/WebResource7555.gif]
[www.hopitaux-sarreguemines.fr/Plan-site/16/17.html]
[www.hopitaux-sarreguemines.fr/Mentions-legales/2/18.html]
[www.hopitaux-sarreguemines.fr/Style/jqueryUI/images/animated-overlay.html]
[www.hopitaux-sarreguemines.fr/Style/jqueryUI/images/ui-bg_flat_75_ffffff_40x100.html]
[www.hopitaux-sarreguemines.fr/Style/jqueryUI/images/ui-bg_highlight-soft_75_cccccc_1x100.html]
[www.hopitaux-sarreguemines.fr/Style/jqueryUI/images/ui-bg_glass_75_e6e6e6_1x400.html]
[www.hopitaux-sarreguemines.fr/Style/jqueryUI/images/ui-bg_glass_75_dadada_1x400.html]
[www.hopitaux-sarreguemines.fr/Cookies.html]
[www.hopitaux-sarreguemines.fr/Style/jqueryUI/images/ui-bg_glass_65_ffffff_1x400.html]
[www.hopitaux-sarreguemines.fr/Style/jqueryUI/images/ui-bg_glass_55_fbf9ee_1x400.html]
[www.hopitaux-sarreguemines.fr/Style/jqueryUI/images/ui-bg_glass_95_fef1ec_1x400.html]
[www.hopitaux-sarreguemines.fr/Style/jqueryUI/images/ui-icons_222222_256x240.html]
[www.hopitaux-sarreguemines.fr/Style/jqueryUI/images/ui-icons_888888_256x240.html]
[www.hopitaux-sarreguemines.fr/Style/jqueryUI/images/ui-icons_454545_256x240.html]
[www.hopitaux-sarreguemines.fr/Style/jqueryUI/images/ui-icons_2e83ff_256x240.html]
[www.hopitaux-sarreguemines.fr/Style/jqueryUI/images/ui-icons_cd0a0a_256x240.html]
[www.hopitaux-sarreguemines.fr/Style/jqueryUI/images/ui-bg_flat_0_aaaaaa_40x100.html]
[www.hopitaux-sarreguemines.fr/images/tarbes/jqueryUI/sort_both.html]
[www.hopitaux-sarreguemines.fr/images/tarbes/jqueryUI/sort_asc.html]
[www.hopitaux-sarreguemines.fr/images/tarbes/jqueryUI/sort_desc.html]
[www.hopitaux-sarreguemines.fr/images/tarbes/jqueryUI/sort_asc_disabled.html]
[www.hopitaux-sarreguemines.fr/images/tarbes/jqueryUI/sort_desc_disabled.html]
[www.hopitaux-sarreguemines.fr/Style/fonts/glyphicons-halflings-regular.html]
[www.hopitaux-sarreguemines.fr/Style/fonts/glyphicons-halflings-regulard41d.html]
[www.hopitaux-sarreguemines.fr/Style/fonts/glyphicons-halflings-regular-2.html]
[www.hopitaux-sarreguemines.fr/Style/fonts/glyphicons-halflings-regular-3.html]
[www.hopitaux-sarreguemines.fr/Style/fonts/glyphicons-halflings-regular-4.html]
[www.hopitaux-sarreguemines.fr/Style/fonts/glyphicons-halflings-regular-5.html]
[www.hopitaux-sarreguemines.fr/Style/FontAwesome/webfonts/fa-brands-400.html]
[www.hopitaux-sarreguemines.fr/Style/FontAwesome/webfonts/fa-brands-400.svg]
[www.hopitaux-sarreguemines.fr/Style/FontAwesome/webfonts/fa-regular-400.html]
[www.hopitaux-sarreguemines.fr/Style/FontAwesome/webfonts/fa-regular-400.svg]
[www.hopitaux-sarreguemines.fr/Style/FontAwesome/webfonts/fa-solid-900.html]
[www.hopitaux-sarreguemines.fr/Style/FontAwesome/webfonts/fa-solid-900.svg]
[www.hopitaux-sarreguemines.fr/Police/glyphicons-halflings-regular.svg]
[www.hopitaux-sarreguemines.fr/INTERNET/Images/FlecheListe.html]
[www.hopitaux-sarreguemines.fr/POST.html]
[www.hopitaux-sarreguemines.fr/Firefox/index.html]
[www.hopitaux-sarreguemines.fr/AppleWebKit/index.html]
[www.hopitaux-sarreguemines.fr/Opera/index.html]
[www.hopitaux-sarreguemines.fr/MicrosoftAjaxWebForms.html]
[www.hopitaux-sarreguemines.fr/MicrosoftAjaxSerialization.html]
[www.hopitaux-sarreguemines.fr/MicrosoftAjaxNetwork.html]
[www.hopitaux-sarreguemines.fr/Ressources/FCK/passage aux urgences.pdf]
[www.hopitaux-sarreguemines.fr/Consultations/3/75/117.html]
[www.hopitaux-sarreguemines.fr/Ressources/FCK/tarifs au 01 janvier 2023.pdf]
[www.hopitaux-sarreguemines.fr/Hospitalisation/3/57/79.html]
[www.hopitaux-sarreguemines.fr/Visiter-un-proche/3/77/122.html]
[www.hopitaux-sarreguemines.fr/Satisfaction/3/38/111.html]
[www.hopitaux-sarreguemines.fr/pepiniere-d-entreprise-e-sante-ccdl/3/95/143.html]
[www.hopitaux-sarreguemines.fr/pepiniere-d-entreprise-e-sante-ccdl/3/95/144.html]
[www.hopitaux-sarreguemines.fr/Ressources/FCK/Fichier 3.png]
[www.hopitaux-sarreguemines.fr/pepiniere-d-entreprise-e-sante-ccdl/3/95/145.html]
[www.hopitaux-sarreguemines.fr/Ressources/FCK/Plan acces Pépinière CCDL.pdf]
[www.hopitaux-sarreguemines.fr/Ressources/FCK/Plan acces Pépinière CCDL_Plan de travail 1.png]
[www.hopitaux-sarreguemines.fr/pepiniere-d-entreprise-e-sante-ccdl/3/95/146.html]
[www.hopitaux-sarreguemines.fr/Scripts/jquery.js]
[www.hopitaux-sarreguemines.fr/Scripts/galleria/galleria-1.2.7.min.js]
[www.hopitaux-sarreguemines.fr/Ressources/ODS/acacias RD2020022409013213.jpg]
[www.hopitaux-sarreguemines.fr/images/default/picto_Equipe.png]
[www.hopitaux-sarreguemines.fr/Images/Default/ODS_silhouette_equipe.png]
[www.hopitaux-sarreguemines.fr/images/default/picto_servicesAssocies.png]
[www.hopitaux-sarreguemines.fr/images/default/picto_LiensUtiles.png]
[www.hopitaux-sarreguemines.fr/Ressources/FCK/Nouveau decoupage sectoriel.pdf]
[www.hopitaux-sarreguemines.fr/Les-Acacias/5/65/54.html]
[www.hopitaux-sarreguemines.fr/Ressources/ODS/Glycines avt RD2020022411030423.jpg]
[www.hopitaux-sarreguemines.fr/Glycines/5/65/53.html]
[www.hopitaux-sarreguemines.fr/Ressources/ODS/photo  12023112116055673.jpg]
[www.hopitaux-sarreguemines.fr/Ressources/FCK/PLAQUETTE CMP adulte sgmines 2023.pdf]
[www.hopitaux-sarreguemines.fr/CMP-Sarreguemines/5/65/55.html]
[www.hopitaux-sarreguemines.fr/Ressources/ODS/cmp ad bitche222022072710300577.jpg]
[www.hopitaux-sarreguemines.fr/Ressources/FCK/Plaquette CMP Bitche.pdf]
[www.hopitaux-sarreguemines.fr/CMP-Bitche/5/65/58.html]
[www.hopitaux-sarreguemines.fr/Ressources/ODS/PRPS rd2020031614234642.jpg]
[www.hopitaux-sarreguemines.fr/Pole-readaptation-psychosociale/5/65/63.html]
[www.hopitaux-sarreguemines.fr/Psychiatrie-liaison/5/65/62.html]
[www.hopitaux-sarreguemines.fr/Ressources/ODS/cmp forbach ad222022072711214366.jpg]
[www.hopitaux-sarreguemines.fr/Ressources/FCK/plaquette CMP fev 24.pdf]
[www.hopitaux-sarreguemines.fr/CMP-de-Forbach/5/65/71.html]
[www.hopitaux-sarreguemines.fr/Ressources/ODS/cmp freyming222022072711233307.jpg]
[www.hopitaux-sarreguemines.fr/Equipe-mobile-psychiatrie-et-precarite/5/65/80.html]
[www.hopitaux-sarreguemines.fr/Ressources/FCK/Plaquette CMP adulte de Freyming.pdf]
[www.hopitaux-sarreguemines.fr/CMP-de-Freyming/5/65/75.html]
[www.hopitaux-sarreguemines.fr/Ressources/ODS/roseraie RD2020022410590618.jpg]
[www.hopitaux-sarreguemines.fr/Roseraie/5/65/68.html]
[www.hopitaux-sarreguemines.fr/Ressources/ODS/les lilas RD2020022411020839.jpg]
[www.hopitaux-sarreguemines.fr/Les-lilas/5/65/66.html]
[www.hopitaux-sarreguemines.fr/Ressources/ODS/mimosas RD2020022410393104.jpg]
[www.hopitaux-sarreguemines.fr/Mimosas/5/65/67.html]
[www.hopitaux-sarreguemines.fr/Psychiatrie-de-liaison-aux-urgences-Forbach/5/65/81.html]
[www.hopitaux-sarreguemines.fr/Ressources/FCK/Courrier préadmission.pdf]
[www.hopitaux-sarreguemines.fr/Ressources/FCK/dossier administratif.pdf]
[www.hopitaux-sarreguemines.fr/Ressources/FCK/dossier médical de préadmission.pdf]
[www.hopitaux-sarreguemines.fr/Ressources/FCK/Devis régime général.pdf]
[www.hopitaux-sarreguemines.fr/Ressources/FCK/Devis régime local.pdf]
[www.hopitaux-sarreguemines.fr/Ressources/FCK/personne de confiance.pdf]
[www.hopitaux-sarreguemines.fr/Ressources/FCK/Plaquette Ile 2023.pdf]
[www.hopitaux-sarreguemines.fr/Ressources/FCK/Informations relatives au service (2).pdf]
[www.hopitaux-sarreguemines.fr/Ressources/ODS/ileRD2023031416265544.jpg]
[www.hopitaux-sarreguemines.fr/0/5/65/115.html]
[www.hopitaux-sarreguemines.fr/Ressources/FCK/Plaquette UMD-ecrire telephoner-rendre-visite.pdf]
[www.hopitaux-sarreguemines.fr/Ressources/ODS/cabanis222022072714184172.jpg]
[www.hopitaux-sarreguemines.fr/UMD-Cabanis/5/65/85.html]
[www.hopitaux-sarreguemines.fr/Ressources/ODS/LOGE 20 lauzier 222022072715510379.jpg]
[www.hopitaux-sarreguemines.fr/UMD-Lauzier/5/65/112.html]
[www.hopitaux-sarreguemines.fr/Ressources/ODS/usip222022072711551726.jpg]
[www.hopitaux-sarreguemines.fr/Ressources/FCK/Plaquette USIP.pdf]
[www.hopitaux-sarreguemines.fr/USIP/5/65/90.html]
[www.hopitaux-sarreguemines.fr/Addictologie/5/65/92.html]
[www.hopitaux-sarreguemines.fr/Ressources/ODS/csa222022072714095149.html]
[www.hopitaux-sarreguemines.fr/Ressources/ODS/salle CATTP2023112116365288.jpg]
[www.hopitaux-sarreguemines.fr/Ressources/FCK/cmp infanto forbach freyming.pdf]
[www.hopitaux-sarreguemines.fr/Ressources/FCK/livret accueil infanto 23.pdf]
[www.hopitaux-sarreguemines.fr/CMP-Bitche/5/65/45.html]
[www.hopitaux-sarreguemines.fr/Ressources/ODS/cmp enfant et ado RD2020022410352081.jpg]
[www.hopitaux-sarreguemines.fr/CMP-Forbach/5/65/49.html]
[www.hopitaux-sarreguemines.fr/Pediatrie/5/65/4.html]
[www.hopitaux-sarreguemines.fr/Ressources/ODS/la canopee RD2020022411082786.jpg]
[www.hopitaux-sarreguemines.fr/CMP-Canopee/5/65/44.html]
[www.hopitaux-sarreguemines.fr/Ressources/FCK/FLYER APPART ASSOCIATIFS.pdf]
[www.hopitaux-sarreguemines.fr/0/5/65/113.html]
[www.hopitaux-sarreguemines.fr/Club-psychotherapique/5/65/64.html]
[www.hopitaux-sarreguemines.fr/Ressources/FCK/Information bac potager 1.pdf]
[www.hopitaux-sarreguemines.fr/Rehab/5/65/65.html]
[www.hopitaux-sarreguemines.fr/Ressources/ODS/opaline rd2020031614203728.jpg]
[www.hopitaux-sarreguemines.fr/Opaline/5/65/40.html]
[www.hopitaux-sarreguemines.fr/Ressources/ODS/myosotis RD2020022410572441.jpg]
[www.hopitaux-sarreguemines.fr/USLD-EHPAD-Les-Myosotis/5/65/39.html]
[www.hopitaux-sarreguemines.fr/Ressources/ODS/les lierres RD2020022411013705.jpg]
[www.hopitaux-sarreguemines.fr/Lierres-C/5/65/42.html]
[www.hopitaux-sarreguemines.fr/0/5/65/35.html]
[www.hopitaux-sarreguemines.fr/Ressources/ODS/kine2020031009325100.jpg]
[www.hopitaux-sarreguemines.fr/0/5/65/114.html]
[www.hopitaux-sarreguemines.fr/Ressources/ODS/kinésithérapie2022072710562857.html]
[www.hopitaux-sarreguemines.fr/Ressources/ODS/anesthésie2021061111434557.jpg]
[www.hopitaux-sarreguemines.fr/Images/Default/ODS_silhouette_equipe_CH.png]
[www.hopitaux-sarreguemines.fr/Ressources/FCK/plaquette accueil soins continus 2024.pdf]
[www.hopitaux-sarreguemines.fr/Anesthesie/5/55/99.html]
[www.hopitaux-sarreguemines.fr/Ressources/ODS/chir ambu2022011715145393.jpg]
[www.hopitaux-sarreguemines.fr/Chirurgie-Ambulatoire/5/55/2.html]
[www.hopitaux-sarreguemines.fr/Ressources/ODS/Chir gen et dig2021101816112279.jpg]
[www.hopitaux-sarreguemines.fr/Chirurgie-generale-digestive/5/55/31.html]
[www.hopitaux-sarreguemines.fr/Ressources/ODS/chir gyneco2022011715082770.jpg]
[www.hopitaux-sarreguemines.fr/chirurgie-gynecologique/5/55/98.html]
[www.hopitaux-sarreguemines.fr/Ressources/ODS/orl2022081911191938.jpg]
[www.hopitaux-sarreguemines.fr/Chirurgie-ORL-OPH/5/55/30.html]
[www.hopitaux-sarreguemines.fr/Ressources/ODS/bloc ortho RD2022010416262350.jpg]
[www.hopitaux-sarreguemines.fr/chirurgie-orthopedique-traumatologique/5/55/29.html]
[www.hopitaux-sarreguemines.fr/Ressources/ODS/Chir esthétique2022081911174151.jpg]
[www.hopitaux-sarreguemines.fr/Chirurgie-plastique-esthetique/5/55/27.html]
[www.hopitaux-sarreguemines.fr/Ressources/ODS/chir urologie2022011715543654.jpg]
[www.hopitaux-sarreguemines.fr/Chirurgie-urologique/5/55/28.html]
[www.hopitaux-sarreguemines.fr/Ressources/ODS/REA RD2020022411094728.jpg]
[www.hopitaux-sarreguemines.fr/Reanimation/5/55/1.html]
[www.hopitaux-sarreguemines.fr/Ressources/ODS/cardiologie2022011715204883.jpg]
[www.hopitaux-sarreguemines.fr/cardiologie/5/55/108.html]
[www.hopitaux-sarreguemines.fr/Ressources/ODS/gastro_entero2021042914231392.jpg]
[www.hopitaux-sarreguemines.fr/Gastro-enterologie/5/55/23.html]
[www.hopitaux-sarreguemines.fr/Ressources/ODS/ambulatoire2020031009400369.jpg]
[www.hopitaux-sarreguemines.fr/Ressources/FCK/LIVRET ACCUEIL HDJ 2019.pdf]
[www.hopitaux-sarreguemines.fr/HDJ/5/55/14.html]
[www.hopitaux-sarreguemines.fr/Ressources/ODS/cegidd RD2020030916012922.jpg]
[www.hopitaux-sarreguemines.fr/CeGIDD/5/55/107.html]
[www.hopitaux-sarreguemines.fr/Ressources/ODS/Med Poly2021042913510375.jpg]
[www.hopitaux-sarreguemines.fr/Medecine-polyvalente/5/55/22.html]
[www.hopitaux-sarreguemines.fr/Ressources/ODS/pneumologie22022010416243600.jpg]
[www.hopitaux-sarreguemines.fr/Pneumologie/5/55/17.html]
[www.hopitaux-sarreguemines.fr/Ressources/ODS/clinique de la douleur2020030914533153.jpg]
[www.hopitaux-sarreguemines.fr/Clinique-douleur/5/55/12.html]
[www.hopitaux-sarreguemines.fr/Ressources/ODS/urgences2020031614173670.jpg]
[www.hopitaux-sarreguemines.fr/Urgences-CSNP-SMUR/5/55/16.html]
[www.hopitaux-sarreguemines.fr/Ressources/ODS/EQUIPE FEV 25-redimensionnee2025032416525977.jpg]
[www.hopitaux-sarreguemines.fr/Ressources/FCK/HAD plaquette 23.pdf]
[www.hopitaux-sarreguemines.fr/Ressources/FCK/HAD Plaquette 2025.pdf]
[www.hopitaux-sarreguemines.fr/Ressources/FCK/HAD - Plaquette soins 2025.pdf]
[www.hopitaux-sarreguemines.fr/Ressources/FCK/Demande d'admission HAD Lorraine.pdf]
[www.hopitaux-sarreguemines.fr/HAD/5/55/20.html]
[www.hopitaux-sarreguemines.fr/Ressources/ODS/geriatrie RD2020030912364440.jpg]
[www.hopitaux-sarreguemines.fr/geriatrie-soins-palliatifs/5/55/19.html]
[www.hopitaux-sarreguemines.fr/Ressources/ODS/ssr2021042914271513.jpg]
[www.hopitaux-sarreguemines.fr/SSR/5/55/25.html]
[www.hopitaux-sarreguemines.fr/Ressources/ODS/gloriette RD2020061914501385.jpg]
[www.hopitaux-sarreguemines.fr/USLD/5/55/24.html]
[www.hopitaux-sarreguemines.fr/Ressources/ODS/imagerie2022081911475786.jpg]
[www.hopitaux-sarreguemines.fr/Imagerie-medicale/5/55/7.html]
[www.hopitaux-sarreguemines.fr/Ressources/ODS/med nucleaire2022081911533708.jpg]
[www.hopitaux-sarreguemines.fr/Medecine-nucleaire/5/55/9.html]
[www.hopitaux-sarreguemines.fr/Ressources/ODS/laboratoire RD2020022009584416.jpg]
[www.hopitaux-sarreguemines.fr/Laboratoire/5/55/8.html]
[www.hopitaux-sarreguemines.fr/Ressources/ODS/pharmacie2020031115492859.jpg]
[www.hopitaux-sarreguemines.fr/Pharmacie/5/55/10.html]
[www.hopitaux-sarreguemines.fr/Ressources/ODS/maternite rd2020051109270690.jpg]
[www.hopitaux-sarreguemines.fr/Ressources/FCK/Preparation a la naissance.pdf]
[www.hopitaux-sarreguemines.fr/Maternite/5/55/103.html]
[www.hopitaux-sarreguemines.fr/Ressources/ODS/jeux pedia RD2020061915153993.jpg]
[www.hopitaux-sarreguemines.fr/Ressources/FCK/LIVRET 2020.pdf]
[www.hopitaux-sarreguemines.fr/Ressources/FCK/logo doctolib prendre rdv.jpg]
[www.hopitaux-sarreguemines.fr/Pediatrie/5/55/4.html]
[www.hopitaux-sarreguemines.fr/Ressources/ODS/HADO2021121611570599.jpg]
[www.hopitaux-sarreguemines.fr/HAD-obstetrique/5/55/105.html]
[www.hopitaux-sarreguemines.fr/Ressources/FCK/CPP Bitche 23.pdf]
[www.hopitaux-sarreguemines.fr/Centre-perinatal-Bitche/5/55/104.html]
[www.hopitaux-sarreguemines.fr/Ressources/FCK/Organigramme direction commune au 01 03 2025.pdf]
[www.hopitaux-sarreguemines.fr/Ressources/FCK/Organigramme direction commune au 01 03 2025.png]
[www.hopitaux-sarreguemines.fr/organigramme-de-direction/2/92.html]
[www.hopitaux-sarreguemines.fr/Reperes/3/2/88.html]
[www.hopitaux-sarreguemines.fr/Reperes/3/2/1.html]
[www.hopitaux-sarreguemines.fr/Reperes/3/2/2.html]
[www.hopitaux-sarreguemines.fr/Missions-engagements/3/3/9.html]
[www.hopitaux-sarreguemines.fr/Ressources/FCK/Projet_Social_CHS.pdf]
[www.hopitaux-sarreguemines.fr/Ressources/FCK/Projet_des_Usagers.pdf]
[www.hopitaux-sarreguemines.fr/Ressources/FCK/projet_medico_soignant_chs.pdf]
[www.hopitaux-sarreguemines.fr/Ressources/FCK/Projet_Managrial_CHS.pdf]
[www.hopitaux-sarreguemines.fr/Ressources/FCK/Politique_qualit.pdf]
[www.hopitaux-sarreguemines.fr/Ressources/FCK/Projet_dveloppement_durable.pdf]
[www.hopitaux-sarreguemines.fr/Ressources/FCK/Projet_RSEVolet_Societal.pdf]
[www.hopitaux-sarreguemines.fr/Ressources/FCK/Introduction_gnrale_Projet_RSE.pdf]
[www.hopitaux-sarreguemines.fr/Ressources/FCK/CHARTE_DE_GOUVERNANCE.pdf]
[www.hopitaux-sarreguemines.fr/Missions-engagements/3/3/7.html]
[www.hopitaux-sarreguemines.fr/organigramme-de-direction/2/93.html]
[www.hopitaux-sarreguemines.fr/Missions-engagements/3/9/89.html]
[www.hopitaux-sarreguemines.fr/Ressources/FCK/Projet_Social_CH2023120610354889.pdf]
[www.hopitaux-sarreguemines.fr/Ressources/FCK/Projet_des_Usagers2023120610363009.pdf]
[www.hopitaux-sarreguemines.fr/Ressources/FCK/Projet_dtablissement__CH_de_Sarreguemines2023120610353157.pdf]
[www.hopitaux-sarreguemines.fr/Ressources/FCK/Projet_Managrial_CH2023120610360060.pdf]
[www.hopitaux-sarreguemines.fr/Ressources/FCK/Politique_qualit_202420282023120610361286.pdf]
[www.hopitaux-sarreguemines.fr/Ressources/FCK/Projet_dveloppement_durable2023120610364191.pdf]
[www.hopitaux-sarreguemines.fr/Ressources/FCK/Projet_RSEVolet_Socital_CH2023120610365897.pdf]
[www.hopitaux-sarreguemines.fr/Ressources/FCK/Introduction_gnrale_Projet_RSE_CH2023120610371145.pdf]
[www.hopitaux-sarreguemines.fr/Ressources/FCK/CHARTE_DE_GOUVERNANCE_CH_PAX_01_12_2023_signe2023120610412040.pdf]
[www.hopitaux-sarreguemines.fr/Missions-engagements/3/9/25.html]
[www.hopitaux-sarreguemines.fr/Ressources/FCK/Chiffres clefs 2023 Vnov24.pdf]
[www.hopitaux-sarreguemines.fr/Ressources/FCK/Chiffres clefs 2023 - couverture internet.jpg]
[www.hopitaux-sarreguemines.fr/chiffres-cles/2/90.html]
[www.hopitaux-sarreguemines.fr/Reperes/3/12/96.html]
[www.hopitaux-sarreguemines.fr/Reperes/3/12/95.html]
[imagerie.hopitaux-sarreguemines.fr/login.html]
[www.google.com/maps/d/POST.html]
[www.hopitaux-sarreguemines.fr/ScriptResourced12e.js]
[www.hopitaux-sarreguemines.fr/Cookies.html]
[erreur404.aspx/index.html]
[www.hopitaux-sarreguemines.fr/Reperes/3/12/135.html]
[www.hopitaux-sarreguemines.fr/Ressources/FCK/empp 2023.pdf]
[www.hopitaux-sarreguemines.fr/Equipe-mobile-psychiatrie-et-precarite/5/65/80.html]
[www.hopitaux-sarreguemines.fr/Ressources/ODS/csa222022072714095149.html]
[www.hopitaux-sarreguemines.fr/chirurgie-orthopedique-traumatologique/5/65/29.html]
[www.hopitaux-sarreguemines.fr/Imagerie-medicale/5/65/7.html]
[www.hopitaux-sarreguemines.fr/Maternite/5/65/103.html]
[www.hopitaux-sarreguemines.fr/Pediatrie/5/65/4.html]
[www.hopitaux-sarreguemines.fr/Urgences-CSNP-SMUR/5/65/16.html]
[www.hopitaux-sarreguemines.fr/Ressources/FCK/Fiche pratique L3213.1.pdf]
[www.hopitaux-sarreguemines.fr/Ressources/FCK/Fiche pratique L3213.2.pdf]
[www.hopitaux-sarreguemines.fr/Reperes/3/2/88.html]
[www.hopitaux-sarreguemines.fr/Reperes/3/2/2.html]
[www.hopitaux-sarreguemines.fr/Ressources/FCK/CHS rapport HAS certification janvier 2019.pdf]
[www.hopitaux-sarreguemines.fr/Ressources/FCK/CHS rapport HAS certification additif septembre 2019.pdf]
[www.hopitaux-sarreguemines.fr/Missions-engagements/3/3/9.html]
[www.hopitaux-sarreguemines.fr/Missions-engagements/3/9/89.html]
[www.hopitaux-sarreguemines.fr/Reperes/3/12/96.html]
[www.hopitaux-sarreguemines.fr/Reperes/3/12/135.html]
[www.hopitaux-sarreguemines.fr/chirurgie-orthopedique-traumatologique/5/65/29.html]
[www.hopitaux-sarreguemines.fr/SSR/5/65/25.html]
[www.hopitaux-sarreguemines.fr/Anesthesie/5/65/99.html]
[www.hopitaux-sarreguemines.fr/Chirurgie-Ambulatoire/5/65/2.html]
[www.hopitaux-sarreguemines.fr/Chirurgie-generale-digestive/5/65/31.html]
[www.hopitaux-sarreguemines.fr/chirurgie-gynecologique/5/65/98.html]
[www.hopitaux-sarreguemines.fr/Chirurgie-plastique-esthetique/5/65/27.html]
[www.hopitaux-sarreguemines.fr/Chirurgie-urologique/5/65/28.html]
[www.hopitaux-sarreguemines.fr/Gastro-enterologie/5/65/23.html]
[www.hopitaux-sarreguemines.fr/geriatrie-soins-palliatifs/5/65/19.html]
[www.hopitaux-sarreguemines.fr/Medecine-nucleaire/5/65/9.html]
[www.hopitaux-sarreguemines.fr/Medecine-polyvalente/5/65/22.html]
[www.hopitaux-sarreguemines.fr/Imagerie-medicale/5/65/7.html]
[www.hopitaux-sarreguemines.fr/Pneumologie/5/65/17.html]
[www.hopitaux-sarreguemines.fr/Centre-perinatal-Bitche/5/65/104.html]
[www.hopitaux-sarreguemines.fr/Maternite/5/65/103.html]
[www.hopitaux-sarreguemines.fr/HAD-obstetrique/5/65/105.html]
[www.hopitaux-sarreguemines.fr/Urgences-CSNP-SMUR/5/65/16.html]
[www.hopitaux-sarreguemines.fr/SSR/5/65/25.html]
[www.hopitaux-sarreguemines.fr/Laboratoire/5/65/8.html]
[www.hopitaux-sarreguemines.fr/Anesthesie/5/65/99.html]
[www.hopitaux-sarreguemines.fr/Chirurgie-Ambulatoire/5/65/2.html]
[www.hopitaux-sarreguemines.fr/Chirurgie-generale-digestive/5/65/31.html]
[www.hopitaux-sarreguemines.fr/chirurgie-gynecologique/5/65/98.html]
[www.hopitaux-sarreguemines.fr/Chirurgie-plastique-esthetique/5/65/27.html]
[www.hopitaux-sarreguemines.fr/Chirurgie-urologique/5/65/28.html]
[www.hopitaux-sarreguemines.fr/Clinique-douleur/5/65/12.html]
[www.hopitaux-sarreguemines.fr/HDJ/5/65/14.html]
[www.hopitaux-sarreguemines.fr/Gastro-enterologie/5/65/23.html]
[www.hopitaux-sarreguemines.fr/Pharmacie/5/65/10.html]
[www.hopitaux-sarreguemines.fr/HAD/5/65/20.html]
[www.hopitaux-sarreguemines.fr/geriatrie-soins-palliatifs/5/65/19.html]
[www.hopitaux-sarreguemines.fr/Medecine-nucleaire/5/65/9.html]
[www.hopitaux-sarreguemines.fr/USLD/5/65/24.html]
[www.hopitaux-sarreguemines.fr/Medecine-polyvalente/5/65/22.html]
[www.hopitaux-sarreguemines.fr/Pneumologie/5/65/17.html]
[www.hopitaux-sarreguemines.fr/Centre-perinatal-Bitche/5/65/104.html]
[www.hopitaux-sarreguemines.fr/HAD-obstetrique/5/65/105.html]
[www.hopitaux-sarreguemines.fr/Laboratoire/5/65/8.html]
[www.hopitaux-sarreguemines.fr/Clinique-douleur/5/65/12.html]
[www.hopitaux-sarreguemines.fr/HDJ/5/65/14.html]
[www.hopitaux-sarreguemines.fr/Pharmacie/5/65/10.html]
[www.hopitaux-sarreguemines.fr/HAD/5/65/20.html]
[www.hopitaux-sarreguemines.fr/USLD/5/65/24.html]
[www.hopitaux-sarreguemines.fr/cardiologie/5/65/108.html]
[www.hopitaux-sarreguemines.fr/cardiologie/5/65/108.html]
